 
****************************************
Report : power
        -analysis_effort low
Design : iir_advanced
Version: S-2021.06-SP4
Date   : Mon Nov 13 16:20:05 2023
****************************************


Library(s) Used:

    NangateOpenCellLibrary (File: /eda/dk/nangate45/synopsys/NangateOpenCellLibrary_typical_ecsm_nowlm.db)


Operating Conditions: typical   Library: NangateOpenCellLibrary
Wire Load Model Mode: top

Design        Wire Load Model            Library
------------------------------------------------
iir_advanced           5K_hvratio_1_1    NangateOpenCellLibrary


Global Operating Voltage = 1.1  
Power-specific unit information :
    Voltage Units = 1V
    Capacitance Units = 1.000000ff
    Time Units = 1ns
    Dynamic Power Units = 1uW    (derived from V,C,T units)
    Leakage Power Units = 1nW


  Cell Internal Power  = 627.7528 uW   (74%)
  Net Switching Power  = 216.7109 uW   (26%)
                         ---------
Total Dynamic Power    = 844.4637 uW  (100%)

Cell Leakage Power     =  79.1462 uW


                 Internal         Switching           Leakage            Total
Power Group      Power            Power               Power              Power   (   %    )  Attrs
--------------------------------------------------------------------------------------------------
io_pad             0.0000            0.0000            0.0000            0.0000  (   0.00%)
memory             0.0000            0.0000            0.0000            0.0000  (   0.00%)
black_box          0.0000            0.0000            0.0000            0.0000  (   0.00%)
clock_network      0.0000            0.0000            0.0000            0.0000  (   0.00%)
register         452.0788           53.2391        1.1984e+04          517.3019  (  56.01%)
sequential         0.0000            0.0000            0.0000            0.0000  (   0.00%)
combinational    175.6740          163.4718        6.7162e+04          406.3078  (  43.99%)
--------------------------------------------------------------------------------------------------
Total            627.7527 uW       216.7109 uW     7.9146e+04 nW       923.6097 uW
1
