 
****************************************
Report : power
        -analysis_effort low
Design : iir_advanced
Version: S-2021.06-SP4
Date   : Mon Nov 13 15:45:21 2023
****************************************


Library(s) Used:

    NangateOpenCellLibrary (File: /eda/dk/nangate45/synopsys/NangateOpenCellLibrary_typical_ecsm_nowlm.db)


Operating Conditions: typical   Library: NangateOpenCellLibrary
Wire Load Model Mode: top

Design        Wire Load Model            Library
------------------------------------------------
iir_advanced           5K_hvratio_1_1    NangateOpenCellLibrary


Global Operating Voltage = 1.1  
Power-specific unit information :
    Voltage Units = 1V
    Capacitance Units = 1.000000ff
    Time Units = 1ns
    Dynamic Power Units = 1uW    (derived from V,C,T units)
    Leakage Power Units = 1nW


  Cell Internal Power  = 493.8983 uW   (75%)
  Net Switching Power  = 162.2809 uW   (25%)
                         ---------
Total Dynamic Power    = 656.1792 uW  (100%)

Cell Leakage Power     =  72.1371 uW


                 Internal         Switching           Leakage            Total
Power Group      Power            Power               Power              Power   (   %    )  Attrs
--------------------------------------------------------------------------------------------------
io_pad             0.0000            0.0000            0.0000            0.0000  (   0.00%)
memory             0.0000            0.0000            0.0000            0.0000  (   0.00%)
black_box          0.0000            0.0000            0.0000            0.0000  (   0.00%)
clock_network      0.0000            0.0000            0.0000            0.0000  (   0.00%)
register         361.9537           44.9381        1.1940e+04          418.8319  (  57.51%)
sequential         0.0000            0.0000            0.0000            0.0000  (   0.00%)
combinational    131.9447          117.3428        6.0197e+04          309.4845  (  42.49%)
--------------------------------------------------------------------------------------------------
Total            493.8984 uW       162.2810 uW     7.2137e+04 nW       728.3164 uW
1
