 
****************************************
Report : power
        -analysis_effort low
Design : iir_advanced
Version: S-2021.06-SP4
Date   : Mon Nov 13 16:30:05 2023
****************************************


Library(s) Used:

    NangateOpenCellLibrary (File: /eda/dk/nangate45/synopsys/NangateOpenCellLibrary_typical_ecsm_nowlm.db)


Operating Conditions: typical   Library: NangateOpenCellLibrary
Wire Load Model Mode: top

Design        Wire Load Model            Library
------------------------------------------------
iir_advanced           5K_hvratio_1_1    NangateOpenCellLibrary


Global Operating Voltage = 1.1  
Power-specific unit information :
    Voltage Units = 1V
    Capacitance Units = 1.000000ff
    Time Units = 1ns
    Dynamic Power Units = 1uW    (derived from V,C,T units)
    Leakage Power Units = 1nW


  Cell Internal Power  = 298.6141 uW   (76%)
  Net Switching Power  =  93.7032 uW   (24%)
                         ---------
Total Dynamic Power    = 392.3173 uW  (100%)

Cell Leakage Power     =  74.5733 uW


                 Internal         Switching           Leakage            Total
Power Group      Power            Power               Power              Power   (   %    )  Attrs
--------------------------------------------------------------------------------------------------
io_pad             0.0000            0.0000            0.0000            0.0000  (   0.00%)
memory             0.0000            0.0000            0.0000            0.0000  (   0.00%)
black_box          0.0000            0.0000            0.0000            0.0000  (   0.00%)
clock_network      0.0000            0.0000            0.0000            0.0000  (   0.00%)
register         225.7483           25.4355        1.1716e+04          262.8997  (  56.31%)
sequential         0.0000            0.0000            0.0000            0.0000  (   0.00%)
combinational     72.8657           68.2676        6.2858e+04          203.9910  (  43.69%)
--------------------------------------------------------------------------------------------------
Total            298.6140 uW        93.7032 uW     7.4573e+04 nW       466.8907 uW
1
